// Vitest Snapshot v1, https://vitest.dev/guide/snapshot.html

exports[`should render youtube embed iframe 1`] = `
<body>
  <script
    defer=""
    src="https://accounts.google.com/gsi/client"
  />
  <script
    defer=""
    src="https://apis.google.com/js/api.js"
  />
  <div>
    <div
      data-milkdown-root="true"
    >
      <div
        class="milkdown"
      >
        <div
          class="ProseMirror editor"
          contenteditable="true"
          role="textbox"
          translate="no"
        >
          <div
            data-node-view-root="true"
          >
            <p
              class="text-center ratio ratio-16x9"
              data-type="youtube"
            >
              <iframe
                allowfullscreen=""
                src="https://www.youtube.com/embed/sampleyoutube"
              />
            </p>
          </div>
        </div>
      </div>
    </div>
  </div>
</body>
`;
